<html>
<body>
<pre>
<h1>µVision Build Log</h1>
<h2>Project:</h2>
C:\Users\Lenovo\Desktop\GitHub\ARM-MiniProject\CSE-Microcontrollers-Counter\Counter.uvproj
Project File Date:  03/14/2019

<h2>Output:</h2>
Rebuild target 'Target 1'
assembling startup_TM4C123.s...
compiling main.c...
compiling lcd.c...
compiling port.c...
compiling DIO.c...
compiling switch.c...
compiling Application.c...
linking...
Program Size: Code=540 RO-data=636 RW-data=0 ZI-data=608  
".\Counter.axf" - 0 Error(s), 0 Warning(s).
</pre>
</body>
</html>
