<html>
<body>
<pre>
<h1>µVision Build Log</h1>
<h2>Project:</h2>
D:\Engineering\CSE\Microcontroller\CSE-Microcontrollers-Counter\Counter.uvproj
Project File Date:  03/13/2019

<h2>Output:</h2>
Build target 'Target 1'
assembling startup_TM4C123.s...
compiling main.c...
compiling lcd.c...
compiling port.c...
compiling DIO.c...
compiling switch.c...
compiling Application.c...
Application.h(14): warning:  #1-D: last line of file ends without a newline
  #endif
Application.c(16): warning:  #1-D: last line of file ends without a newline
  }
Application.c: 2 warnings, 0 errors
linking...
Program Size: Code=540 RO-data=636 RW-data=0 ZI-data=608  
".\Counter.axf" - 0 Error(s), 2 Warning(s).
</pre>
</body>
</html>
